// Jest Snapshot v1, https://goo.gl/fbAQLP

exports[`Snapshot of JSON parsing logic Archaeology.json 1`] = `
[
  {
    "aL": [
      "Archeology",
    ],
    "bt": [
      "sh85005581",
      "sh85010480",
      "sh85061212",
    ],
    "lcc": "CC",
    "note": "Here are entered works on archaeology as a branch of learning. This heading may be divided geographically for works on this branch of learning in a specific place. Works on the antiquities of particular regions, countries, cities, etc. are entered under the name of the place subdivided by [Antiquities.]",
    "nt": [
      "sh00007440",
      "sh2003003476",
      "sh2003004186",
      "sh2003009064",
      "sh2003009199",
      "sh2003011000",
      "sh2004001262",
      "sh2005001576",
      "sh2006000287",
      "sh2007006623",
      "sh2009002956",
      "sh2009004421",
      "sh2009004470",
      "sh2012000959",
      "sh2012004635",
      "sh2012004636",
      "sh2013000143",
      "sh2013001302",
      "sh2013001303",
      "sh2015002234",
      "sh2021005077",
      "sh2021006222",
      "sh85001256",
      "sh85004685",
      "sh85006703",
      "sh85018080",
      "sh85027024",
      "sh85034228",
      "sh85046105",
      "sh85048843",
      "sh85050977",
      "sh85053066",
      "sh85060817",
      "sh85061115",
      "sh85065024",
      "sh85065824",
      "sh85066643",
      "sh85072567",
      "sh85079786",
      "sh85087721",
      "sh85093636",
      "sh85097895",
      "sh85101308",
      "sh85102008",
      "sh85107780",
      "sh85109300",
      "sh85114683",
      "sh85116926",
      "sh85126368",
      "sh85126691",
      "sh85127907",
      "sh85134099",
      "sh85139611",
      "sh85144346",
      "sh86001404",
      "sh87000460",
      "sh89000928",
      "sh89002313",
      "sh91002758",
      "sh93006952",
      "sh94001190",
      "sh94008300",
      "sh95000886",
      "sh95000887",
    ],
    "pL": "Archaeology",
    "rt": [
      "sh85005757",
    ],
    "uri": "sh85006507",
  },
]
`;

exports[`Snapshot of JSON parsing logic Archaeology.json 2`] = `[]`;

exports[`Snapshot of JSON parsing logic Archaeology.json 3`] = `
{
  "sh85006507": "Archaeology",
}
`;

exports[`Snapshot of JSON parsing logic History.json 1`] = `
[
  {
    "aL": [
      "Source material, Historical",
      "Primary sources (Historical sources)",
      "Historical sources",
      "Sources, Historical",
      "Historical source material",
    ],
    "lcc": "D5-D5.5",
    "note": "Here are entered collections of documents, records, etc. upon which narrative history is based.",
    "nt": [
      "sh2003003039",
      "sh85006913",
      "sh85022719",
      "sh85038194",
      "sh85135408",
    ],
    "pL": "History--Sources",
    "uri": "sh85061227",
  },
]
`;

exports[`Snapshot of JSON parsing logic History.json 2`] = `[]`;

exports[`Snapshot of JSON parsing logic History.json 3`] = `
{
  "sh85061227": "History--Sources",
}
`;

exports[`Snapshot of JSON parsing logic History-subdiv.json 1`] = `[]`;

exports[`Snapshot of JSON parsing logic History-subdiv.json 2`] = `
[
  {
    "aL": [
      "Frontier troubles",
    ],
    "note": "Use as a topical subdivision under names of countries, cities, etc., and individual corporate bodies, uniform titles of sacred works, and under classes of persons, ethnic groups, and topical headings.",
    "nt": [
      "sh00004047",
      "sh00005861",
      "sh00005863",
      "sh00005865",
      "sh00006030",
      "sh00006053",
      "sh00006054",
      "sh00006055",
      "sh2002012516",
      "sh2005000301",
      "sh2005003729",
      "sh2007008610",
      "sh2008009851",
      "sh2014001466",
      "sh2018001286",
      "sh85006507",
      "sh85006513",
      "sh85006887",
      "sh85007960",
      "sh85012434",
      "sh85014152",
      "sh85025619",
      "sh85031299",
      "sh85031326",
      "sh85033502",
      "sh85038179",
      "sh85038194",
      "sh85038418",
      "sh85050144",
      "sh85053742",
      "sh85061115",
      "sh85061208",
      "sh85064459",
      "sh85074517",
      "sh85077565",
      "sh85081954",
      "sh85085072",
      "sh85085207",
      "sh85088131",
      "sh85090384",
      "sh85100124",
      "sh85103033",
      "sh85107780",
      "sh85108672",
      "sh85113275",
      "sh85113507",
      "sh85114172",
      "sh85119320",
      "sh85120563",
      "sh85123948",
      "sh85124029",
      "sh85133488",
      "sh85148201",
      "sh88002668",
      "sh88004498",
      "sh89003666",
      "sh91002236",
      "sh98002432",
      "sh99004871",
      "sh99005023",
      "sh99005577",
      "sh99005617",
      "sh99005684",
      "sh99014676",
    ],
    "pL": "History",
    "uri": "sh99005024",
  },
]
`;

exports[`Snapshot of JSON parsing logic History-subdiv.json 3`] = `
{
  "sh99005024": "History",
}
`;

exports[`Snapshot of JSON parsing logic Obsidian.json 1`] = `
[
  {
    "aL": [
      "Hyalopsite",
      "Iceland agate",
    ],
    "bt": [
      "sh85144250",
    ],
    "lcc": "QE462.O28",
    "pL": "Obsidian",
    "uri": "sh85093752",
  },
]
`;

exports[`Snapshot of JSON parsing logic Obsidian.json 2`] = `[]`;

exports[`Snapshot of JSON parsing logic Obsidian.json 3`] = `
{
  "sh85093752": "Obsidian",
}
`;
